
Warning-[LNX_OS_VERUN] Unsupported Linux version
  Linux version 'Red Hat Enterprise Linux release 9.5 (Plow)' is not supported
  on 'x86_64' officially, assuming linux compatibility by default. Set 
  VCS_ARCH_OVERRIDE to linux or suse32 to override.
  Please refer to release notes for information on supported platforms.

Command: vcs -sverilog -timescale=1ns/1ns +vpi +define+UVM_OBJECT_MUST_HAVE_CONSTRUCTOR \
+incdir+/home/morris/uvm-1.2/src /home/morris/uvm-1.2/src/uvm.sv /home/morris/uvm-1.2/src/dpi/uvm_dpi.cc \
-f run.f -l compile.log -CFLAGS -DVCS

Error-[P1ARGS-CANTOPN-F] Cannot open file
  Unable to open 'run.f' due to 'No such file or directory'.
  Please fix the reason mentioned above and continue.

CPU time: .089 seconds to compile
